../Core/Src/main.c:226:5:main	8	static
../Core/Src/main.c:318:6:SystemClock_Config	96	static
../Core/Src/main.c:368:13:MX_I2C1_Init	8	static
../Core/Src/main.c:416:13:MX_TIM3_Init	48	static
../Core/Src/main.c:465:13:MX_USART2_UART_Init	8	static
../Core/Src/main.c:500:13:MX_GPIO_Init	48	static
../Core/Src/main.c:551:6:StartDefaultTask	16	static
../Core/Src/main.c:569:13:led_func	16	static
../Core/Src/main.c:587:13:comtask_func	16	static
../Core/Src/main.c:605:13:buzzer_func	16	static
../Core/Src/main.c:623:13:alarm_func	16	static
../Core/Src/main.c:642:6:HAL_TIM_PeriodElapsedCallback	16	static
../Core/Src/main.c:659:6:Error_Handler	4	static,ignoring_inline_asm
