../Core/Src/main.c:226:5:main	8	static
../Core/Src/main.c:319:6:SystemClock_Config	96	static
../Core/Src/main.c:369:13:MX_I2C1_Init	8	static
../Core/Src/main.c:417:13:MX_TIM3_Init	48	static
../Core/Src/main.c:466:13:MX_USART2_UART_Init	8	static
../Core/Src/main.c:501:13:MX_GPIO_Init	48	static
../Core/Src/main.c:556:6:StartDefaultTask	16	static
../Core/Src/main.c:574:13:led_func	16	static
../Core/Src/main.c:592:13:comtask_func	16	static
../Core/Src/main.c:610:13:buzzer_func	16	static
../Core/Src/main.c:628:13:alarm_func	16	static
../Core/Src/main.c:647:6:HAL_TIM_PeriodElapsedCallback	16	static
../Core/Src/main.c:664:6:Error_Handler	4	static,ignoring_inline_asm
